// Jest Snapshot v1, https://goo.gl/fbAQLP

exports[`NavBar renders correctly 1`] = `
<RNCSafeAreaView
  onInsetsChange={[Function]}
  style={
    Object {
      "flex": 1,
    }
  }
>
  <View
    style={
      Object {
        "alignItems": "center",
        "backgroundColor": "black",
        "flexDirection": "row",
        "height": 56,
        "width": 750,
      }
    }
  >
    <View
      accessible={true}
      focusable={true}
      isTVSelectable={true}
      onClick={[Function]}
      onResponderGrant={[Function]}
      onResponderMove={[Function]}
      onResponderRelease={[Function]}
      onResponderTerminate={[Function]}
      onResponderTerminationRequest={[Function]}
      onStartShouldSetResponder={[Function]}
      style={
        Object {
          "opacity": 1,
        }
      }
    >
      <View
        style={
          Object {
            "alignItems": "center",
            "height": 56,
            "justifyContent": "center",
            "width": 56,
          }
        }
      >
        <Image
          resizeMode="stretch"
          source={1}
          style={
            Object {
              "height": 18,
              "width": 14,
            }
          }
        />
      </View>
    </View>
  </View>
</RNCSafeAreaView>
`;
